[educa.ibge.gov.br/templates/ibge_educa_criancas/brincadeiras/ibge_go/dist/index2.html]
[backblue.gif]
[fade.gif]
[index.html]
[educa.ibge.gov.br/templates/ibge_educa_criancas/brincadeiras/ibge_go/dist/pure/pure-min.css]
[educa.ibge.gov.br/templates/ibge_educa_criancas/brincadeiras/ibge_go/dist/pure/grids-responsive-min.css]
[educa.ibge.gov.br/templates/ibge_educa_criancas/brincadeiras/ibge_go/dist/css/stylesheet.a412381d.css]
[educa.ibge.gov.br/templates/ibge_educa_criancas/brincadeiras/ibge_go/dist/vendor/jquery.min.js]
[educa.ibge.gov.br/templates/ibge_educa_criancas/brincadeiras/ibge_go/dist/index2.html]
[educa.ibge.gov.br/templates/ibge_educa_criancas/brincadeiras/ibge_go/dist/pure/pure-min.css]
[educa.ibge.gov.br/templates/ibge_educa_criancas/brincadeiras/ibge_go/dist/pure/grids-responsive-min.css]
[educa.ibge.gov.br/templates/ibge_educa_criancas/brincadeiras/ibge_go/dist/scripts/main.b5ed466c.js]
[educa.ibge.gov.br/templates/ibge_educa_criancas/brincadeiras/ibge_go/dist/css/luckiestguy-webfont.woff2]
[educa.ibge.gov.br/templates/ibge_educa_criancas/brincadeiras/ibge_go/dist/css/luckiestguy-webfont.woff]
[educa.ibge.gov.br/templates/ibge_educa_criancas/brincadeiras/ibge_go/dist/img/splash.png]
[educa.ibge.gov.br/templates/ibge_educa_criancas/brincadeiras/ibge_go/dist/img/splash2.png]
[educa.ibge.gov.br/templates/ibge_educa_criancas/brincadeiras/ibge_go/dist/img/fundo1.png]
[educa.ibge.gov.br/templates/ibge_educa_criancas/brincadeiras/ibge_go/dist/img/fundo2.png]
[educa.ibge.gov.br/templates/ibge_educa_criancas/brincadeiras/ibge_go/dist/css/stylesheet.a412381d.css]
[educa.ibge.gov.br/templates/ibge_educa_criancas/brincadeiras/ibge_go/dist/img/fundo3.png]
